==================================================================
  RASPBERRY PI HDMI TESTER - BUILD LOG
==================================================================

Build Started: 2025-10-23 09:32:09 UTC
Build ID: 18743937975
Build Number: 57
Commit: 34f3308145da4ae58f77e0bb986630534c6b4b6e
Branch: main


==================================================================
  Build Environment
==================================================================
Timestamp: 2025-10-23 09:32:09 UTC

=== System Information ===
Hostname: runnervmwhb2z
OS: Ubuntu 24.04.3 LTS
Kernel: 6.11.0-1018-azure
Architecture: x86_64

=== CPU Information ===
Processor: AMD EPYC 7763 64-Core Processor
CPU Cores: 4
CPU Architecture: x86_64

=== Memory Information ===
               total        used        free      shared  buff/cache   available
Mem:            15Gi       872Mi        12Gi        46Mi       2.3Gi        14Gi
Swap:          4.0Gi          0B       4.0Gi

=== Disk Space ===
Filesystem      Size  Used Avail Use% Mounted on
/dev/root        72G   50G   22G  70% /
tmpfs           7.9G   84K  7.9G   1% /dev/shm
tmpfs           3.2G  1.1M  3.2G   1% /run
tmpfs           5.0M     0  5.0M   0% /run/lock
/dev/sda16      881M   60M  760M   8% /boot
/dev/sda15      105M  6.2M   99M   6% /boot/efi
/dev/sdb1        74G  4.1G   66G   6% /mnt
tmpfs           1.6G   12K  1.6G   1% /run/user/1001
tmpfs           7.9G     0  7.9G   0% /run/qemu

=== Available Disk Space in Working Directory ===
/dev/root        72G   50G   22G  70% /

=== Tool Versions ===
Git: git version 2.51.0
QEMU ARM: qemu-arm version 8.2.2 (Debian 1:8.2.2+ds-0ubuntu1.10)
Debootstrap: debootstrap 1.0.134ubuntu1
Kpartx: multipath-tools v0.9.4 (12/19, 2022)
kpartx installed
Parted: parted (GNU parted) 3.6
Zip: This is Zip 3.0 (July 5th 2008), by Info-ZIP.
JQ: jq-1.7
Bash: 5.2.21(1)-release

=== Environment Variables ===
USER: root
HOME: /home/runner
SHELL: /bin/bash
PATH: /usr/local/sbin:/usr/local/bin:/usr/sbin:/usr/bin:/sbin:/bin:/snap/bin
PWD: /home/runner/work/Raspberry_HDMI_Tester/Raspberry_HDMI_Tester
GITHUB_WORKSPACE: /home/runner/work/Raspberry_HDMI_Tester/Raspberry_HDMI_Tester
GITHUB_ACTOR: benpaddlejones
GITHUB_WORKFLOW: Build and Release

‚úÖ Environment captured

==================================================================
  STAGE: Asset Validation
==================================================================
Started: 2025-10-23 09:32:09 UTC

üöÄ Starting: Asset Validation

=== Asset Validation: Image Test Video ===
Path: /home/runner/work/Raspberry_HDMI_Tester/Raspberry_HDMI_Tester/build/stage3/01-test-image/files/image-test.webm
Status: ‚úÖ Found
Size: 817K
Modified: 2025-10-23 09:29:35.621836704 +0000
Type: WebM
SHA256: 8331dcc81f4a667cd775c8df49f2978b555481dd2639fbb06b604f36144b33e1


=== Asset Validation: Color Test Video ===
Path: /home/runner/work/Raspberry_HDMI_Tester/Raspberry_HDMI_Tester/build/stage3/01-test-image/files/color_test.webm
Status: ‚úÖ Found
Size: 608K
Modified: 2025-10-23 09:29:35.619836706 +0000
Type: WebM
SHA256: 488d51bd8650a6cf50a5e4ac2417b1f41d2f4cfcf4250969d6b44c734c845247


Completed: 2025-10-23 09:32:09 UTC
Duration: 00:00:00 (0s)
Status: ‚úÖ SUCCESS
==================================================================

‚úÖ Completed: Asset Validation (00:00:00)

=== Disk Usage at: After Asset Validation ===
Timestamp: 2025-10-23 09:32:09 UTC
Filesystem      Size  Used Avail Use% Mounted on
/dev/root        72G   50G   22G  70% /
tmpfs           7.9G   84K  7.9G   1% /dev/shm
tmpfs           3.2G  1.1M  3.2G   1% /run
tmpfs           5.0M     0  5.0M   0% /run/lock
/dev/sda16      881M   60M  760M   8% /boot
/dev/sda15      105M  6.2M   99M   6% /boot/efi
/dev/sdb1        74G  4.1G   66G   6% /mnt
tmpfs           1.6G   12K  1.6G   1% /run/user/1001
tmpfs           7.9G     0  7.9G   0% /run/qemu

Working Directory Usage:
7.0M	.


==================================================================
  STAGE: Prerequisites Check
==================================================================
Started: 2025-10-23 09:32:09 UTC

üöÄ Starting: Prerequisites Check

--- Checking System Resources ---

[INFO] Available disk space: 21GB
[INFO] Required disk space: 10GB
[INFO] ‚úì Sufficient disk space available
[INFO] Available memory: 14GB
[INFO] ‚úì Sufficient memory available

--- Checking Required Tools ---

[INFO] Checking disk space for build directory...
[INFO] Build directory: /home/runner/work/Raspberry_HDMI_Tester/Raspberry_HDMI_Tester/build
[INFO] Available space: 22359MB
[INFO] Required space: 10240MB
[INFO] ‚úì Sufficient disk space for build
[INFO] Checking for qemu-arm-static...
[INFO] ‚úì qemu-arm-static found
[INFO] Checking for pi-gen directory...
[INFO] ‚úì pi-gen directory found

--- Validating Asset Files ---

[INFO] Checking image asset: /home/runner/work/Raspberry_HDMI_Tester/Raspberry_HDMI_Tester/assets/image.png
[INFO] ‚úì Image asset exists (347KiB)
[INFO] Checking audio asset: /home/runner/work/Raspberry_HDMI_Tester/Raspberry_HDMI_Tester/assets/audio.mp3
[INFO] ‚úì Audio asset exists (203KiB)
[INFO] ‚ÑπÔ∏è  ffprobe not available, skipping codec validation

Completed: 2025-10-23 09:32:09 UTC
Duration: 00:00:00 (0s)
Status: ‚úÖ SUCCESS
==================================================================

‚úÖ Completed: Prerequisites Check (00:00:00)

=== Disk Usage at: After Prerequisites Check ===
Timestamp: 2025-10-23 09:32:09 UTC
Filesystem      Size  Used Avail Use% Mounted on
/dev/root        72G   50G   22G  70% /
tmpfs           7.9G   84K  7.9G   1% /dev/shm
tmpfs           3.2G  1.1M  3.2G   1% /run
tmpfs           5.0M     0  5.0M   0% /run/lock
/dev/sda16      881M   60M  760M   8% /boot
/dev/sda15      105M  6.2M   99M   6% /boot/efi
/dev/sdb1        74G  4.1G   66G   6% /mnt
tmpfs           1.6G   12K  1.6G   1% /run/user/1001
tmpfs           7.9G     0  7.9G   0% /run/qemu

Working Directory Usage:
7.0M	.


=== Memory Usage at: After Prerequisites Check ===
Timestamp: 2025-10-23 09:32:09 UTC
               total        used        free      shared  buff/cache   available
Mem:            15Gi       866Mi        12Gi        47Mi       2.3Gi        14Gi
Swap:          4.0Gi          0B       4.0Gi


==================================================================
  STAGE: Build Directory Setup
==================================================================
Started: 2025-10-23 09:32:09 UTC

üöÄ Starting: Build Directory Setup

--- Copying pi-gen ---

[INFO] Copying pi-gen from /opt/pi-gen to /home/runner/work/Raspberry_HDMI_Tester/Raspberry_HDMI_Tester/build/pi-gen-work...
[INFO] ‚úì pi-gen copied

--- Removing original stage3, stage4, stage5 ---

[INFO] Removing pi-gen's original stage3, stage4, stage5 directories to prevent conflicts...
[INFO] ‚úì Original stage directories removed

Completed: 2025-10-23 09:32:10 UTC
Duration: 00:00:00 (0s)
Status: ‚úÖ SUCCESS
==================================================================

‚úÖ Completed: Build Directory Setup (00:00:00)

=== Disk Usage at: After Build Directory Setup ===
Timestamp: 2025-10-23 09:32:10 UTC
Filesystem      Size  Used Avail Use% Mounted on
/dev/root        72G   50G   22G  70% /
tmpfs           7.9G   84K  7.9G   1% /dev/shm
tmpfs           3.2G  1.1M  3.2G   1% /run
tmpfs           5.0M     0  5.0M   0% /run/lock
/dev/sda16      881M   60M  760M   8% /boot
/dev/sda15      105M  6.2M   99M   6% /boot/efi
/dev/sdb1        74G  4.1G   66G   6% /mnt
tmpfs           1.6G   12K  1.6G   1% /run/user/1001
tmpfs           7.9G     0  7.9G   0% /run/qemu

Working Directory Usage:
9.9M	.


==================================================================
  STAGE: Custom Stage Installation
==================================================================
Started: 2025-10-23 09:32:10 UTC

üöÄ Starting: Custom Stage Installation

--- Installing Custom Stages ---

[INFO] Validating custom stage files...
‚ùå Missing required custom stage file: 01-test-image/files/image.png

==================================================================
  ERROR CONTEXT
==================================================================
Error: Custom stage validation failed: 01-test-image/files/image.png not found
Timestamp: 2025-10-23 09:32:10 UTC

=== Log Context (20 lines before, 20 after) ===


‚úÖ Completed: Build Directory Setup (00:00:00)

=== Disk Usage at: After Build Directory Setup ===
Timestamp: 2025-10-23 09:32:10 UTC
Filesystem      Size  Used Avail Use% Mounted on
/dev/root        72G   50G   22G  70% /
tmpfs           7.9G   84K  7.9G   1% /dev/shm
tmpfs           3.2G  1.1M  3.2G   1% /run
tmpfs           5.0M     0  5.0M   0% /run/lock
/dev/sda16      881M   60M  760M   8% /boot
/dev/sda15      105M  6.2M   99M   6% /boot/efi
/dev/sdb1        74G  4.1G   66G   6% /mnt
tmpfs           1.6G   12K  1.6G   1% /run/user/1001
tmpfs           7.9G     0  7.9G   0% /run/qemu

Working Directory Usage:
9.9M	.


==================================================================
  STAGE: Custom Stage Installation
==================================================================
Started: 2025-10-23 09:32:10 UTC

üöÄ Starting: Custom Stage Installation

--- Installing Custom Stages ---

[INFO] Validating custom stage files...
‚ùå Missing required custom stage file: 01-test-image/files/image.png

==================================================================
  ERROR CONTEXT
==================================================================
Error: Custom stage validation failed: 01-test-image/files/image.png not found
Timestamp: 2025-10-23 09:32:10 UTC

=== Log Context (20 lines before, 20 after) ===


==================================================================


==================================================================
  BUILD SUMMARY
==================================================================
Build Completed: 2025-10-23 09:32:10 UTC
Total Duration: 00:00:01 (1s)
Status: ‚ùå FAILED
Error: Missing custom stage file: 01-test-image/files/image.png

=== Final System State ===

Disk Space:
Filesystem      Size  Used Avail Use% Mounted on
/dev/root        72G   50G   22G  70% /
tmpfs           7.9G   84K  7.9G   1% /dev/shm
tmpfs           3.2G  1.1M  3.2G   1% /run
tmpfs           5.0M     0  5.0M   0% /run/lock
/dev/sda16      881M   60M  760M   8% /boot
/dev/sda15      105M  6.2M   99M   6% /boot/efi
/dev/sdb1        74G  4.1G   66G   6% /mnt
tmpfs           1.6G   12K  1.6G   1% /run/user/1001
tmpfs           7.9G     0  7.9G   0% /run/qemu

Memory:
               total        used        free      shared  buff/cache   available
Mem:            15Gi       864Mi        12Gi        47Mi       2.3Gi        14Gi
Swap:          4.0Gi          0B       4.0Gi

==================================================================
  END OF BUILD LOG
==================================================================
